[0.008s] Invoking command in '/home/snorlix/navpilot-framework/build/path_planning_dynamic': CMAKE_PREFIX_PATH=${CMAKE_PREFIX_PATH}:/opt/ros/humble /usr/bin/cmake /home/snorlix/navpilot-framework/workspace/navpilot_ws/src/path_planning/path_planning_dynamic -DCMAKE_INSTALL_PREFIX=/home/snorlix/navpilot-framework/install/path_planning_dynamic
[0.048s] -- The C compiler identification is GNU 11.4.0
[0.092s] -- The CXX compiler identification is GNU 11.4.0
[0.098s] -- Detecting C compiler ABI info
[0.149s] -- Detecting C compiler ABI info - done
[0.155s] -- Check for working C compiler: /usr/bin/cc - skipped
[0.155s] -- Detecting C compile features
[0.156s] -- Detecting C compile features - done
[0.158s] -- Detecting CXX compiler ABI info
[0.215s] -- Detecting CXX compiler ABI info - done
[0.221s] -- Check for working CXX compiler: /usr/bin/c++ - skipped
[0.221s] -- Detecting CXX compile features
[0.221s] -- Detecting CXX compile features - done
[0.224s] -- Found ament_cmake: 1.3.12 (/opt/ros/humble/share/ament_cmake/cmake)
[1.377s] -- Found Python3: /usr/bin/python3 (found version "3.10.12") found components: Interpreter 
[1.575s] -- Found rclcpp: 16.0.15 (/opt/ros/humble/share/rclcpp/cmake)
[1.613s] -- Found rosidl_generator_c: 3.1.7 (/opt/ros/humble/share/rosidl_generator_c/cmake)
[1.618s] -- Found rosidl_adapter: 3.1.7 (/opt/ros/humble/share/rosidl_adapter/cmake)
[1.626s] -- Found rosidl_generator_cpp: 3.1.7 (/opt/ros/humble/share/rosidl_generator_cpp/cmake)
[1.637s] -- Using all available rosidl_typesupport_c: rosidl_typesupport_fastrtps_c;rosidl_typesupport_introspection_c
[1.651s] -- Using all available rosidl_typesupport_cpp: rosidl_typesupport_fastrtps_cpp;rosidl_typesupport_introspection_cpp
[1.694s] -- Found rmw_implementation_cmake: 6.1.2 (/opt/ros/humble/share/rmw_implementation_cmake/cmake)
[1.697s] -- Found rmw_fastrtps_cpp: 6.2.9 (/opt/ros/humble/share/rmw_fastrtps_cpp/cmake)
[1.766s] -- Found OpenSSL: /usr/lib/x86_64-linux-gnu/libcrypto.so (found version "3.0.2")  
[1.789s] -- Found FastRTPS: /opt/ros/humble/include  
[1.823s] -- Using RMW implementation 'rmw_fastrtps_cpp' as default
[1.832s] -- Looking for pthread.h
[1.887s] -- Looking for pthread.h - found
[1.887s] -- Performing Test CMAKE_HAVE_LIBC_PTHREAD
[1.945s] -- Performing Test CMAKE_HAVE_LIBC_PTHREAD - Success
[1.946s] -- Found Threads: TRUE  
[1.993s] -- Found sensor_msgs: 4.9.0 (/opt/ros/humble/share/sensor_msgs/cmake)
[2.021s] -- Found visualization_msgs: 4.9.0 (/opt/ros/humble/share/visualization_msgs/cmake)
[2.040s] -- Found tf2: 0.25.16 (/opt/ros/humble/share/tf2/cmake)
[2.050s] -- Found tf2_ros: 0.25.16 (/opt/ros/humble/share/tf2_ros/cmake)
[2.131s] -- Found tf2_geometry_msgs: 0.25.16 (/opt/ros/humble/share/tf2_geometry_msgs/cmake)
[2.141s] -- Found eigen3_cmake_module: 0.1.1 (/opt/ros/humble/share/eigen3_cmake_module/cmake)
[2.143s] -- Found Eigen3: TRUE (found version "5.0.1") 
[2.143s] -- Ensuring Eigen3 include directory is part of orocos-kdl CMake target
[2.146s] -- Found nav_msgs: 4.9.0 (/opt/ros/humble/share/nav_msgs/cmake)
[2.172s] [31mCMake Error at CMakeLists.txt:19 (find_package):
[2.172s]   By not providing "Findobstacles_information_msgs.cmake" in
[2.172s]   CMAKE_MODULE_PATH this project has asked CMake to find a package
[2.172s]   configuration file provided by "obstacles_information_msgs", but CMake did
[2.172s]   not find one.
[2.172s] 
[2.172s]   Could not find a package configuration file provided by
[2.172s]   "obstacles_information_msgs" with any of the following names:
[2.172s] 
[2.172s]     obstacles_information_msgsConfig.cmake
[2.172s]     obstacles_information_msgs-config.cmake
[2.172s] 
[2.172s]   Add the installation prefix of "obstacles_information_msgs" to
[2.172s]   CMAKE_PREFIX_PATH or set "obstacles_information_msgs_DIR" to a directory
[2.172s]   containing one of the above files.  If "obstacles_information_msgs"
[2.172s]   provides a separate development package or SDK, be sure it has been
[2.172s]   installed.
[2.173s] 
[2.173s] [0m
[2.173s] -- Configuring incomplete, errors occurred!
[2.173s] See also "/home/snorlix/navpilot-framework/build/path_planning_dynamic/CMakeFiles/CMakeOutput.log".
[2.183s] Invoked command in '/home/snorlix/navpilot-framework/build/path_planning_dynamic' returned '1': CMAKE_PREFIX_PATH=${CMAKE_PREFIX_PATH}:/opt/ros/humble /usr/bin/cmake /home/snorlix/navpilot-framework/workspace/navpilot_ws/src/path_planning/path_planning_dynamic -DCMAKE_INSTALL_PREFIX=/home/snorlix/navpilot-framework/install/path_planning_dynamic
