[0.009s] Invoking command in '/home/snorlix/navpilot-framework/build/pointcloud_clustering': CMAKE_PREFIX_PATH=${CMAKE_PREFIX_PATH}:/opt/ros/humble /usr/bin/cmake /home/snorlix/navpilot-framework/workspace/navpilot_ws/src/lidar_modules/pointcloud_clustering -DCMAKE_INSTALL_PREFIX=/home/snorlix/navpilot-framework/install/pointcloud_clustering
[0.091s] -- The C compiler identification is GNU 11.4.0
[0.138s] -- The CXX compiler identification is GNU 11.4.0
[0.146s] -- Detecting C compiler ABI info
[0.200s] -- Detecting C compiler ABI info - done
[0.206s] -- Check for working C compiler: /usr/bin/cc - skipped
[0.206s] -- Detecting C compile features
[0.207s] -- Detecting C compile features - done
[0.210s] -- Detecting CXX compiler ABI info
[0.267s] -- Detecting CXX compiler ABI info - done
[0.274s] -- Check for working CXX compiler: /usr/bin/c++ - skipped
[0.274s] -- Detecting CXX compile features
[0.274s] -- Detecting CXX compile features - done
[0.283s] -- Found ament_cmake: 1.3.12 (/opt/ros/humble/share/ament_cmake/cmake)
[1.546s] -- Found Python3: /usr/bin/python3 (found version "3.10.12") found components: Interpreter 
[1.817s] -- Found rclcpp: 16.0.15 (/opt/ros/humble/share/rclcpp/cmake)
[1.869s] -- Found rosidl_generator_c: 3.1.7 (/opt/ros/humble/share/rosidl_generator_c/cmake)
[1.875s] -- Found rosidl_adapter: 3.1.7 (/opt/ros/humble/share/rosidl_adapter/cmake)
[1.884s] -- Found rosidl_generator_cpp: 3.1.7 (/opt/ros/humble/share/rosidl_generator_cpp/cmake)
[1.899s] -- Using all available rosidl_typesupport_c: rosidl_typesupport_fastrtps_c;rosidl_typesupport_introspection_c
[1.915s] -- Using all available rosidl_typesupport_cpp: rosidl_typesupport_fastrtps_cpp;rosidl_typesupport_introspection_cpp
[1.973s] -- Found rmw_implementation_cmake: 6.1.2 (/opt/ros/humble/share/rmw_implementation_cmake/cmake)
[1.977s] -- Found rmw_fastrtps_cpp: 6.2.9 (/opt/ros/humble/share/rmw_fastrtps_cpp/cmake)
[2.052s] -- Found OpenSSL: /usr/lib/x86_64-linux-gnu/libcrypto.so (found version "3.0.2")  
[2.075s] -- Found FastRTPS: /opt/ros/humble/include  
[2.107s] -- Using RMW implementation 'rmw_fastrtps_cpp' as default
[2.119s] -- Looking for pthread.h
[2.172s] -- Looking for pthread.h - found
[2.172s] -- Performing Test CMAKE_HAVE_LIBC_PTHREAD
[2.225s] -- Performing Test CMAKE_HAVE_LIBC_PTHREAD - Success
[2.226s] -- Found Threads: TRUE  
[2.282s] -- Found sensor_msgs: 4.9.0 (/opt/ros/humble/share/sensor_msgs/cmake)
[2.316s] -- Found message_filters: 4.3.11 (/opt/ros/humble/share/message_filters/cmake)
[2.321s] -- Found vision_msgs: 4.1.1 (/opt/ros/humble/share/vision_msgs/cmake)
[2.336s] -- Found visualization_msgs: 4.9.0 (/opt/ros/humble/share/visualization_msgs/cmake)
[2.356s] -- Found tf2_ros: 0.25.16 (/opt/ros/humble/share/tf2_ros/cmake)
[2.465s] [31mCMake Error at CMakeLists.txt:18 (find_package):
[2.465s]   By not providing "Findobstacles_information_msgs.cmake" in
[2.466s]   CMAKE_MODULE_PATH this project has asked CMake to find a package
[2.466s]   configuration file provided by "obstacles_information_msgs", but CMake did
[2.466s]   not find one.
[2.466s] 
[2.466s]   Could not find a package configuration file provided by
[2.466s]   "obstacles_information_msgs" with any of the following names:
[2.466s] 
[2.466s]     obstacles_information_msgsConfig.cmake
[2.466s]     obstacles_information_msgs-config.cmake
[2.466s] 
[2.466s]   Add the installation prefix of "obstacles_information_msgs" to
[2.466s]   CMAKE_PREFIX_PATH or set "obstacles_information_msgs_DIR" to a directory
[2.466s]   containing one of the above files.  If "obstacles_information_msgs"
[2.466s]   provides a separate development package or SDK, be sure it has been
[2.466s]   installed.
[2.466s] 
[2.467s] [0m
[2.467s] -- Configuring incomplete, errors occurred!
[2.467s] See also "/home/snorlix/navpilot-framework/build/pointcloud_clustering/CMakeFiles/CMakeOutput.log".
[2.473s] Invoked command in '/home/snorlix/navpilot-framework/build/pointcloud_clustering' returned '1': CMAKE_PREFIX_PATH=${CMAKE_PREFIX_PATH}:/opt/ros/humble /usr/bin/cmake /home/snorlix/navpilot-framework/workspace/navpilot_ws/src/lidar_modules/pointcloud_clustering -DCMAKE_INSTALL_PREFIX=/home/snorlix/navpilot-framework/install/pointcloud_clustering
